[www.caprin.pe/index.html]
[backblue.gif]
[fade.gif]
[index.html]
[www.caprin.pe/favicon.ico]
[maxcdn.bootstrapcdn.com/bootstrap/4.5.2/css/bootstrap.min.css]
[ajax.googleapis.com/ajax/libs/jquery/3.5.1/jquery.min.js]
[cdnjs.cloudflare.com/ajax/libs/popper.js/1.16.0/umd/popper.min.js]
[maxcdn.bootstrapcdn.com/bootstrap/4.5.2/js/bootstrap.min.js]
[www.caprin.pe/img/logo.png]
[www.caprin.pe/img/productos/v1-min.png]
[www.caprin.pe/img/productos/v2-min.png]
[www.caprin.pe/img/productos/v3-min.png]
[www.caprin.pe/img/productos/v4-min.png]
[www.caprin.pe/img/productos/v5-min.png]
[www.caprin.pe/img/productos/v6-min.png]
[www.caprin.pe/img/productos/v7-min.png]
[www.caprin.pe/img/productos/v8-min.png]
[www.caprin.pe/img/productos/v9-min.png]
[www.caprin.pe/img/productos/v10-min.png]
[www.caprin.pe/img/productos/v11-min.png]
[www.caprin.pe/img/productos/v12-min.png]
[www.caprin.pe/img/productos/v13-min.png]
[www.caprin.pe/img/productos/v14-min.png]
[www.caprin.pe/img/productos/v15-min.png]
[www.caprin.pe/img/productos/v16-min.png]
[www.caprin.pe/img/productos/a1-min.png]
[www.caprin.pe/img/productos/a2-min.png]
[www.caprin.pe/img/productos/a3-min.png]
[www.caprin.pe/img/productos/a4-min.png]
[www.caprin.pe/img/productos/a5-min.png]
[www.caprin.pe/img/productos/a6-min.png]
[www.caprin.pe/img/productos/a7-min.png]
[www.caprin.pe/img/productos/a8-min.png]
[www.caprin.pe/img/productos/g1-min.png]
[www.caprin.pe/img/productos/g2-min.png]
[www.caprin.pe/img/productos/g3-min.png]
[www.caprin.pe/img/productos/g4-min.png]
[www.caprin.pe/img/productos/g5-min.png]
[www.caprin.pe/img/productos/g6-min.png]
[www.caprin.pe/img/productos/g7-min.png]
[www.caprin.pe/img/productos/g8-min.png]
[www.caprin.pe/img/productos/g9-min.png]
[www.caprin.pe/img/productos/g10-min.png]
[www.caprin.pe/img/productos/g11-min.png]
[www.caprin.pe/img/productos/g12-min.png]
[www.caprin.pe/img/productos/g13-min.png]
[www.caprin.pe/img/productos/g14-min.png]
[www.caprin.pe/img/productos/g15-min.png]
[www.caprin.pe/img/productos/g16-min.png]
[www.caprin.pe/img/productos/m1-min.png]
[www.caprin.pe/img/productos/m2-min.png]
[www.caprin.pe/img/productos/m3-min.png]
[www.caprin.pe/img/productos/m4-min.png]
[www.caprin.pe/img/productos/m5-min.png]
[www.caprin.pe/img/productos/m6-min.png]
[www.caprin.pe/img/productos/m7-min.png]
[www.caprin.pe/img/productos/m8-min.png]
[www.caprin.pe/img/productos/m9-min.png]
[www.caprin.pe/img/productos/m10-min.png]
[www.caprin.pe/lib/jquery/jquery.min.js]
[www.caprin.pe/lib/superfish/hoverIntent.js]
[www.caprin.pe/lib/superfish/superfish.min.js]
[www.caprin.pe/lib/morphext/morphext.min.js]
[www.caprin.pe/lib/wow/wow.min.js]
[www.caprin.pe/lib/stickyjs/sticky.js]
[www.caprin.pe/lib/easing/easing.js]
[www.caprin.pe/js/custom.js]
[www.caprin.pe/contactform/contactform.js]
[code.jquery.com/jquery-2.2.4.min.js]
[www.caprin.pe/index.html]
[www.caprin.pe/favicon.html]
[maxcdn.bootstrapcdn.com/bootstrap/3.3.7/js/bootstrap.min.js]
[www.caprin.pe/lib/bootstrap/fonts/glyphicons-halflings-regular.eot]
[www.caprin.pe/lib/bootstrap/fonts/glyphicons-halflings-regulard41d.eot]
[www.caprin.pe/lib/bootstrap/fonts/glyphicons-halflings-regular.woff2]
[www.caprin.pe/lib/bootstrap/fonts/glyphicons-halflings-regular.woff]
[www.caprin.pe/lib/bootstrap/fonts/glyphicons-halflings-regular.ttf]
[www.caprin.pe/lib/bootstrap/css/bootstrap.min.css]
[www.caprin.pe/lib/font-awesome/fonts/fontawesome-webfont3e6e.eot]
[www.caprin.pe/lib/font-awesome/fonts/fontawesome-webfontd41d.eot]
[www.caprin.pe/lib/font-awesome/fonts/fontawesome-webfont3e6e.woff2]
[www.caprin.pe/lib/font-awesome/fonts/fontawesome-webfont3e6e.woff]
[www.caprin.pe/lib/font-awesome/fonts/fontawesome-webfont3e6e.ttf]
[www.caprin.pe/lib/font-awesome/css/font-awesome.min.css]
[www.caprin.pe/lib/animate-css/animate.min.css]
[www.caprin.pe/img/about-img.jpg]
[www.caprin.pe/img/services-bg.jpg]
[www.caprin.pe/img/subscribe-bg.jpg]
[www.caprin.pe/img/productos/Slider/slider1.png]
[www.caprin.pe/img/productos/Slider/slider2.png]
[www.caprin.pe/img/productos/Slider/slider3.png]
[www.caprin.pe/img/productos/Slider/slider4.png]
[www.caprin.pe/css/style.css]
[maxcdn.bootstrapcdn.com/bootstrap/4.5.2/css/bootstrap.min.css]
[www.caprin.pe/lib/bootstrap/fonts/glyphicons-halflings-regular.svg]
[www.caprin.pe/lib/font-awesome/fonts/fontawesome-webfont3e6e.svg]
[www.caprin.pe/img/preloader.svg]
